// Jest Snapshot v1, https://goo.gl/fbAQLP

exports[`z-list.vue Has the expected html structure 1`] = `
<section
  title="z-list"
>
  <div />
  <div />
   
  <!---->
</section>
`;
